
[1m[46m RUN [49m[22m [36mv4.0.12 [39m[90m/Users/anthonylamas/Programming/HumanInterest-Contribution/frontend[39m

TypeError: window.matchMedia is not a function
    at setColorSchemeAttribute (file:///Users/anthonylamas/Programming/HumanInterest-Contribution/node_modules/@mantine/core/esm/core/MantineProvider/use-mantine-color-scheme/use-provider-color-scheme.mjs:6:96)
    at file:///Users/anthonylamas/Programming/HumanInterest-Contribution/node_modules/@mantine/core/esm/core/MantineProvider/use-mantine-color-scheme/use-provider-color-scheme.mjs:39:5
    at commitHookEffectListMount (/Users/anthonylamas/Programming/HumanInterest-Contribution/node_modules/react-dom/cjs/react-dom.development.js:23189:26)
    at commitLayoutEffectOnFiber (/Users/anthonylamas/Programming/HumanInterest-Contribution/node_modules/react-dom/cjs/react-dom.development.js:23312:15)
    at commitLayoutMountEffects_complete (/Users/anthonylamas/Programming/HumanInterest-Contribution/node_modules/react-dom/cjs/react-dom.development.js:24727:9)
    at commitLayoutEffects_begin (/Users/anthonylamas/Programming/HumanInterest-Contribution/node_modules/react-dom/cjs/react-dom.development.js:24713:7)
    at commitLayoutEffects (/Users/anthonylamas/Programming/HumanInterest-Contribution/node_modules/react-dom/cjs/react-dom.development.js:24651:3)
    at commitRootImpl (/Users/anthonylamas/Programming/HumanInterest-Contribution/node_modules/react-dom/cjs/react-dom.development.js:26862:5)
    at commitRoot (/Users/anthonylamas/Programming/HumanInterest-Contribution/node_modules/react-dom/cjs/react-dom.development.js:26721:5)
    at finishConcurrentRender (/Users/anthonylamas/Programming/HumanInterest-Contribution/node_modules/react-dom/cjs/react-dom.development.js:26020:9)
TypeError: window.matchMedia is not a function
    at file:///Users/anthonylamas/Programming/HumanInterest-Contribution/node_modules/@mantine/hooks/esm/use-media-query/use-media-query.mjs:28:33
    at commitHookEffectListMount (/Users/anthonylamas/Programming/HumanInterest-Contribution/node_modules/react-dom/cjs/react-dom.development.js:23189:26)
    at commitPassiveMountOnFiber (/Users/anthonylamas/Programming/HumanInterest-Contribution/node_modules/react-dom/cjs/react-dom.development.js:24970:11)
    at commitPassiveMountEffects_complete (/Users/anthonylamas/Programming/HumanInterest-Contribution/node_modules/react-dom/cjs/react-dom.development.js:24930:9)
    at commitPassiveMountEffects_begin (/Users/anthonylamas/Programming/HumanInterest-Contribution/node_modules/react-dom/cjs/react-dom.development.js:24917:7)
    at commitPassiveMountEffects (/Users/anthonylamas/Programming/HumanInterest-Contribution/node_modules/react-dom/cjs/react-dom.development.js:24905:3)
    at flushPassiveEffectsImpl (/Users/anthonylamas/Programming/HumanInterest-Contribution/node_modules/react-dom/cjs/react-dom.development.js:27078:3)
    at flushPassiveEffects (/Users/anthonylamas/Programming/HumanInterest-Contribution/node_modules/react-dom/cjs/react-dom.development.js:27023:14)
    at performSyncWorkOnRoot (/Users/anthonylamas/Programming/HumanInterest-Contribution/node_modules/react-dom/cjs/react-dom.development.js:26115:3)
    at flushSyncCallbacks (/Users/anthonylamas/Programming/HumanInterest-Contribution/node_modules/react-dom/cjs/react-dom.development.js:12042:22)
TypeError: window.matchMedia is not a function
    at file:///Users/anthonylamas/Programming/HumanInterest-Contribution/node_modules/@mantine/hooks/esm/use-media-query/use-media-query.mjs:28:33
    at commitHookEffectListMount (/Users/anthonylamas/Programming/HumanInterest-Contribution/node_modules/react-dom/cjs/react-dom.development.js:23189:26)
    at commitPassiveMountOnFiber (/Users/anthonylamas/Programming/HumanInterest-Contribution/node_modules/react-dom/cjs/react-dom.development.js:24970:11)
    at commitPassiveMountEffects_complete (/Users/anthonylamas/Programming/HumanInterest-Contribution/node_modules/react-dom/cjs/react-dom.development.js:24930:9)
    at commitPassiveMountEffects_begin (/Users/anthonylamas/Programming/HumanInterest-Contribution/node_modules/react-dom/cjs/react-dom.development.js:24917:7)
    at commitPassiveMountEffects (/Users/anthonylamas/Programming/HumanInterest-Contribution/node_modules/react-dom/cjs/react-dom.development.js:24905:3)
    at flushPassiveEffectsImpl (/Users/anthonylamas/Programming/HumanInterest-Contribution/node_modules/react-dom/cjs/react-dom.development.js:27078:3)
    at flushPassiveEffects (/Users/anthonylamas/Programming/HumanInterest-Contribution/node_modules/react-dom/cjs/react-dom.development.js:27023:14)
    at performSyncWorkOnRoot (/Users/anthonylamas/Programming/HumanInterest-Contribution/node_modules/react-dom/cjs/react-dom.development.js:26115:3)
    at flushSyncCallbacks (/Users/anthonylamas/Programming/HumanInterest-Contribution/node_modules/react-dom/cjs/react-dom.development.js:12042:22)
TypeError: window.matchMedia is not a function
    at file:///Users/anthonylamas/Programming/HumanInterest-Contribution/node_modules/@mantine/hooks/esm/use-media-query/use-media-query.mjs:28:33
    at commitHookEffectListMount (/Users/anthonylamas/Programming/HumanInterest-Contribution/node_modules/react-dom/cjs/react-dom.development.js:23189:26)
    at commitPassiveMountOnFiber (/Users/anthonylamas/Programming/HumanInterest-Contribution/node_modules/react-dom/cjs/react-dom.development.js:24970:11)
    at commitPassiveMountEffects_complete (/Users/anthonylamas/Programming/HumanInterest-Contribution/node_modules/react-dom/cjs/react-dom.development.js:24930:9)
    at commitPassiveMountEffects_begin (/Users/anthonylamas/Programming/HumanInterest-Contribution/node_modules/react-dom/cjs/react-dom.development.js:24917:7)
    at commitPassiveMountEffects (/Users/anthonylamas/Programming/HumanInterest-Contribution/node_modules/react-dom/cjs/react-dom.development.js:24905:3)
    at flushPassiveEffectsImpl (/Users/anthonylamas/Programming/HumanInterest-Contribution/node_modules/react-dom/cjs/react-dom.development.js:27078:3)
    at flushPassiveEffects (/Users/anthonylamas/Programming/HumanInterest-Contribution/node_modules/react-dom/cjs/react-dom.development.js:27023:14)
    at performSyncWorkOnRoot (/Users/anthonylamas/Programming/HumanInterest-Contribution/node_modules/react-dom/cjs/react-dom.development.js:26115:3)
    at flushSyncCallbacks (/Users/anthonylamas/Programming/HumanInterest-Contribution/node_modules/react-dom/cjs/react-dom.development.js:12042:22)
TypeError: window.matchMedia is not a function
    at setColorSchemeAttribute (file:///Users/anthonylamas/Programming/HumanInterest-Contribution/node_modules/@mantine/core/esm/core/MantineProvider/use-mantine-color-scheme/use-provider-color-scheme.mjs:6:96)
    at file:///Users/anthonylamas/Programming/HumanInterest-Contribution/node_modules/@mantine/core/esm/core/MantineProvider/use-mantine-color-scheme/use-provider-color-scheme.mjs:48:7
    at commitHookEffectListMount (/Users/anthonylamas/Programming/HumanInterest-Contribution/node_modules/react-dom/cjs/react-dom.development.js:23189:26)
    at commitPassiveMountOnFiber (/Users/anthonylamas/Programming/HumanInterest-Contribution/node_modules/react-dom/cjs/react-dom.development.js:24970:11)
    at commitPassiveMountEffects_complete (/Users/anthonylamas/Programming/HumanInterest-Contribution/node_modules/react-dom/cjs/react-dom.development.js:24930:9)
    at commitPassiveMountEffects_begin (/Users/anthonylamas/Programming/HumanInterest-Contribution/node_modules/react-dom/cjs/react-dom.development.js:24917:7)
    at commitPassiveMountEffects (/Users/anthonylamas/Programming/HumanInterest-Contribution/node_modules/react-dom/cjs/react-dom.development.js:24905:3)
    at flushPassiveEffectsImpl (/Users/anthonylamas/Programming/HumanInterest-Contribution/node_modules/react-dom/cjs/react-dom.development.js:27078:3)
    at flushPassiveEffects (/Users/anthonylamas/Programming/HumanInterest-Contribution/node_modules/react-dom/cjs/react-dom.development.js:27023:14)
    at performSyncWorkOnRoot (/Users/anthonylamas/Programming/HumanInterest-Contribution/node_modules/react-dom/cjs/react-dom.development.js:26115:3)
[90mstderr[2m | src/components/__tests__/Dashboard.test.tsx[2m > [22m[2mDashboard Component[2m > [22m[2mshould render welcome message with user name
[22m[39mThe above error occurred in the <@mantine/core/MantineProvider> component:

    at MantineProvider (file:///Users/anthonylamas/Programming/HumanInterest-Contribution/node_modules/@mantine/core/esm/core/MantineProvider/MantineProvider.mjs:16:3)

Consider adding an error boundary to your tree to customize error handling behavior.
Visit https://reactjs.org/link/error-boundaries to learn more about error boundaries.
The above error occurred in the <@mantine/core/Transition> component:

    at Transition (file:///Users/anthonylamas/Programming/HumanInterest-Contribution/node_modules/@mantine/core/esm/components/Transition/Transition.mjs:17:3)
    at file:///Users/anthonylamas/Programming/HumanInterest-Contribution/node_modules/@mantine/core/esm/components/LoadingOverlay/LoadingOverlay.mjs:34:17
    at div
    at file:///Users/anthonylamas/Programming/HumanInterest-Contribution/node_modules/@mantine/core/esm/core/Box/Box.mjs:23:5
    at div
    at file:///Users/anthonylamas/Programming/HumanInterest-Contribution/node_modules/@mantine/core/esm/core/Box/Box.mjs:23:5
    at file:///Users/anthonylamas/Programming/HumanInterest-Contribution/node_modules/@mantine/core/esm/components/SimpleGrid/SimpleGrid.mjs:26:17
    at div
    at file:///Users/anthonylamas/Programming/HumanInterest-Contribution/node_modules/@mantine/core/esm/core/Box/Box.mjs:23:5
    at file:///Users/anthonylamas/Programming/HumanInterest-Contribution/node_modules/@mantine/core/esm/components/Stack/Stack.mjs:33:17
    at div
    at file:///Users/anthonylamas/Programming/HumanInterest-Contribution/node_modules/@mantine/core/esm/core/Box/Box.mjs:23:5
    at file:///Users/anthonylamas/Programming/HumanInterest-Contribution/node_modules/@mantine/core/esm/components/Paper/Paper.mjs:28:17
    at Provider (file:///Users/anthonylamas/Programming/HumanInterest-Contribution/node_modules/@mantine/core/esm/core/utils/create-safe-context/create-safe-context.mjs:14:23)
    at file:///Users/anthonylamas/Programming/HumanInterest-Contribution/node_modules/@mantine/core/esm/components/Card/Card.mjs:30:17
    at div
    at file:///Users/anthonylamas/Programming/HumanInterest-Contribution/node_modules/@mantine/core/esm/core/Box/Box.mjs:23:5
    at Dashboard (/Users/anthonylamas/Programming/HumanInterest-Contribution/frontend/src/components/Dashboard.tsx:17:73)
    at MantineThemeProvider (file:///Users/anthonylamas/Programming/HumanInterest-Contribution/node_modules/@mantine/core/esm/core/MantineProvider/MantineThemeProvider/MantineThemeProvider.mjs:19:3)
    at MantineProvider (file:///Users/anthonylamas/Programming/HumanInterest-Contribution/node_modules/@mantine/core/esm/core/MantineProvider/MantineProvider.mjs:16:3)

Consider adding an error boundary to your tree to customize error handling behavior.
Visit https://reactjs.org/link/error-boundaries to learn more about error boundaries.
The above error occurred in the <@mantine/core/Transition> component:

    at Transition (file:///Users/anthonylamas/Programming/HumanInterest-Contribution/node_modules/@mantine/core/esm/components/Transition/Transition.mjs:17:3)
    at div
    at file:///Users/anthonylamas/Programming/HumanInterest-Contribution/node_modules/@mantine/core/esm/core/Box/Box.mjs:23:5
    at file:///Users/anthonylamas/Programming/HumanInterest-Contribution/node_modules/@mantine/core/esm/components/Slider/Thumb/Thumb.mjs:18:5
    at div
    at file:///Users/anthonylamas/Programming/HumanInterest-Contribution/node_modules/@mantine/core/esm/core/Box/Box.mjs:23:5
    at div
    at file:///Users/anthonylamas/Programming/HumanInterest-Contribution/node_modules/@mantine/core/esm/core/Box/Box.mjs:23:5
    at Track (file:///Users/anthonylamas/Programming/HumanInterest-Contribution/node_modules/@mantine/core/esm/components/Slider/Track/Track.mjs:17:3)
    at div
    at file:///Users/anthonylamas/Programming/HumanInterest-Contribution/node_modules/@mantine/core/esm/core/Box/Box.mjs:23:5
    at file:///Users/anthonylamas/Programming/HumanInterest-Contribution/node_modules/@mantine/core/esm/components/Slider/SliderRoot/SliderRoot.mjs:16:6
    at Provider (file:///Users/anthonylamas/Programming/HumanInterest-Contribution/node_modules/@mantine/core/esm/core/utils/create-safe-context/create-safe-context.mjs:14:23)
    at file:///Users/anthonylamas/Programming/HumanInterest-Contribution/node_modules/@mantine/core/esm/components/Slider/Slider/Slider.mjs:57:17
    at div
    at file:///Users/anthonylamas/Programming/HumanInterest-Contribution/node_modules/@mantine/core/esm/core/Box/Box.mjs:23:5
    at div
    at file:///Users/anthonylamas/Programming/HumanInterest-Contribution/node_modules/@mantine/core/esm/core/Box/Box.mjs:23:5
    at file:///Users/anthonylamas/Programming/HumanInterest-Contribution/node_modules/@mantine/core/esm/components/Stack/Stack.mjs:33:17
    at div
    at file:///Users/anthonylamas/Programming/HumanInterest-Contribution/node_modules/@mantine/core/esm/core/Box/Box.mjs:23:5
    at div
    at file:///Users/anthonylamas/Programming/HumanInterest-Contribution/node_modules/@mantine/core/esm/core/Box/Box.mjs:23:5
    at file:///Users/anthonylamas/Programming/HumanInterest-Contribution/node_modules/@mantine/core/esm/components/SimpleGrid/SimpleGrid.mjs:26:17
    at div
    at file:///Users/anthonylamas/Programming/HumanInterest-Contribution/node_modules/@mantine/core/esm/core/Box/Box.mjs:23:5
    at file:///Users/anthonylamas/Programming/HumanInterest-Contribution/node_modules/@mantine/core/esm/components/Stack/Stack.mjs:33:17
    at div
    at file:///Users/anthonylamas/Programming/HumanInterest-Contribution/node_modules/@mantine/core/esm/core/Box/Box.mjs:23:5
    at file:///Users/anthonylamas/Programming/HumanInterest-Contribution/node_modules/@mantine/core/esm/components/Paper/Paper.mjs:28:17
    at Provider (file:///Users/anthonylamas/Programming/HumanInterest-Contribution/node_modules/@mantine/core/esm/core/utils/create-safe-context/create-safe-context.mjs:14:23)
    at file:///Users/anthonylamas/Programming/HumanInterest-Contribution/node_modules/@mantine/core/esm/components/Card/Card.mjs:30:17
    at div
    at file:///Users/anthonylamas/Programming/HumanInterest-Contribution/node_modules/@mantine/core/esm/core/Box/Box.mjs:23:5
    at Dashboard (/Users/anthonylamas/Programming/HumanInterest-Contribution/frontend/src/components/Dashboard.tsx:17:73)
    at MantineThemeProvider (file:///Users/anthonylamas/Programming/HumanInterest-Contribution/node_modules/@mantine/core/esm/core/MantineProvider/MantineThemeProvider/MantineThemeProvider.mjs:19:3)
    at MantineProvider (file:///Users/anthonylamas/Programming/HumanInterest-Contribution/node_modules/@mantine/core/esm/core/MantineProvider/MantineProvider.mjs:16:3)

Consider adding an error boundary to your tree to customize error handling behavior.
Visit https://reactjs.org/link/error-boundaries to learn more about error boundaries.
The above error occurred in the <@mantine/core/Transition> component:

    at Transition (file:///Users/anthonylamas/Programming/HumanInterest-Contribution/node_modules/@mantine/core/esm/components/Transition/Transition.mjs:17:3)
    at button
    at file:///Users/anthonylamas/Programming/HumanInterest-Contribution/node_modules/@mantine/core/esm/core/Box/Box.mjs:23:5
    at file:///Users/anthonylamas/Programming/HumanInterest-Contribution/node_modules/@mantine/core/esm/components/UnstyledButton/UnstyledButton.mjs:23:19
    at file:///Users/anthonylamas/Programming/HumanInterest-Contribution/node_modules/@mantine/core/esm/components/Button/Button.mjs:59:17
    at div
    at file:///Users/anthonylamas/Programming/HumanInterest-Contribution/node_modules/@mantine/core/esm/core/Box/Box.mjs:23:5
    at file:///Users/anthonylamas/Programming/HumanInterest-Contribution/node_modules/@mantine/core/esm/components/Stack/Stack.mjs:33:17
    at div
    at file:///Users/anthonylamas/Programming/HumanInterest-Contribution/node_modules/@mantine/core/esm/core/Box/Box.mjs:23:5
    at div
    at file:///Users/anthonylamas/Programming/HumanInterest-Contribution/node_modules/@mantine/core/esm/core/Box/Box.mjs:23:5
    at file:///Users/anthonylamas/Programming/HumanInterest-Contribution/node_modules/@mantine/core/esm/components/SimpleGrid/SimpleGrid.mjs:26:17
    at div
    at file:///Users/anthonylamas/Programming/HumanInterest-Contribution/node_modules/@mantine/core/esm/core/Box/Box.mjs:23:5
    at file:///Users/anthonylamas/Programming/HumanInterest-Contribution/node_modules/@mantine/core/esm/components/Stack/Stack.mjs:33:17
    at div
    at file:///Users/anthonylamas/Programming/HumanInterest-Contribution/node_modules/@mantine/core/esm/core/Box/Box.mjs:23:5
    at file:///Users/anthonylamas/Programming/HumanInterest-Contribution/node_modules/@mantine/core/esm/components/Paper/Paper.mjs:28:17
    at Provider (file:///Users/anthonylamas/Programming/HumanInterest-Contribution/node_modules/@mantine/core/esm/core/utils/create-safe-context/create-safe-context.mjs:14:23)
    at file:///Users/anthonylamas/Programming/HumanInterest-Contribution/node_modules/@mantine/core/esm/components/Card/Card.mjs:30:17
    at div
    at file:///Users/anthonylamas/Programming/HumanInterest-Contribution/node_modules/@mantine/core/esm/core/Box/Box.mjs:23:5
    at Dashboard (/Users/anthonylamas/Programming/HumanInterest-Contribution/frontend/src/components/Dashboard.tsx:17:73)
    at MantineThemeProvider (file:///Users/anthonylamas/Programming/HumanInterest-Contribution/node_modules/@mantine/core/esm/core/MantineProvider/MantineThemeProvider/MantineThemeProvider.mjs:19:3)
    at MantineProvider (file:///Users/anthonylamas/Programming/HumanInterest-Contribution/node_modules/@mantine/core/esm/core/MantineProvider/MantineProvider.mjs:16:3)

Consider adding an error boundary to your tree to customize error handling behavior.
Visit https://reactjs.org/link/error-boundaries to learn more about error boundaries.
The above error occurred in the <@mantine/core/MantineProvider> component:

    at MantineProvider (file:///Users/anthonylamas/Programming/HumanInterest-Contribution/node_modules/@mantine/core/esm/core/MantineProvider/MantineProvider.mjs:16:3)

Consider adding an error boundary to your tree to customize error handling behavior.
Visit https://reactjs.org/link/error-boundaries to learn more about error boundaries.

 [31m❯[39m src/components/__tests__/Dashboard.test.tsx [2m([22m[2m7 tests[22m[2m | [22m[31m1 failed[39m[2m | [22m[33m6 skipped[39m[2m)[22m[32m 47[2mms[22m[39m
[31m     [31m×[31m should render welcome message with user name[39m[32m 46[2mms[22m[39m
     [2m[90m↓[39m[22m should load user data on mount
     [2m[90m↓[39m[22m should update contribution rate when slider changes
     [2m[90m↓[39m[22m should update contribution when save is clicked
     [2m[90m↓[39m[22m should show validation error for invalid input
     [2m[90m↓[39m[22m should validate 30% limit on fixed contribution
     [2m[90m↓[39m[22m should handle API errors gracefully

[31m⎯⎯⎯⎯⎯⎯⎯[39m[1m[41m Failed Tests 1 [49m[22m[31m⎯⎯⎯⎯⎯⎯⎯[39m

[41m[1m FAIL [22m[49m src/components/__tests__/Dashboard.test.tsx[2m > [22mDashboard Component[2m > [22mshould render welcome message with user name
[31m[1mTypeError[22m: window.matchMedia is not a function[39m
[90m [2m❯[22m setColorSchemeAttribute ../node_modules/@mantine/core/esm/core/MantineProvider/use-mantine-color-scheme/use-provider-color-scheme.mjs:[2m6:96[22m[39m
[90m [2m❯[22m ../node_modules/@mantine/core/esm/core/MantineProvider/use-mantine-color-scheme/use-provider-color-scheme.mjs:[2m39:5[22m[39m
[90m [2m❯[22m commitHookEffectListMount ../node_modules/react-dom/cjs/react-dom.development.js:[2m23189:26[22m[39m
[90m [2m❯[22m commitLayoutEffectOnFiber ../node_modules/react-dom/cjs/react-dom.development.js:[2m23312:15[22m[39m
[90m [2m❯[22m commitLayoutMountEffects_complete ../node_modules/react-dom/cjs/react-dom.development.js:[2m24727:9[22m[39m
[90m [2m❯[22m commitLayoutEffects_begin ../node_modules/react-dom/cjs/react-dom.development.js:[2m24713:7[22m[39m
[90m [2m❯[22m commitLayoutEffects ../node_modules/react-dom/cjs/react-dom.development.js:[2m24651:3[22m[39m
[90m [2m❯[22m commitRootImpl ../node_modules/react-dom/cjs/react-dom.development.js:[2m26862:5[22m[39m
[90m [2m❯[22m commitRoot ../node_modules/react-dom/cjs/react-dom.development.js:[2m26721:5[22m[39m
[90m [2m❯[22m finishConcurrentRender ../node_modules/react-dom/cjs/react-dom.development.js:[2m26020:9[22m[39m

[31m[2m⎯⎯⎯⎯⎯⎯⎯⎯⎯⎯⎯⎯⎯⎯⎯⎯⎯⎯⎯⎯⎯⎯⎯⎯[1/1]⎯[22m[39m


[2m Test Files [22m [1m[31m1 failed[39m[22m[90m (1)[39m
[2m      Tests [22m [1m[31m1 failed[39m[22m[2m | [22m[33m6 skipped[39m[90m (7)[39m
[2m   Start at [22m 00:29:34
[2m   Duration [22m 1.45s[2m (transform 98ms, setup 59ms, collect 810ms, tests 47ms, environment 408ms, prepare 6ms)[22m

